// Jest Snapshot v1, https://goo.gl/fbAQLP

exports[`Autocomplete initAutocomplete should instantiate an autocomplete 1`] = `
<div
  id="outer-container"
>
  
           
  <input
    id="input"
    type="text"
  />
  
           
  <div
    id="autocomplete-container"
  />
  
         
</div>
`;
