// Jest Snapshot v1, https://goo.gl/fbAQLP

exports[`Provider init should instantiate an autocomplete 1`] = `
<div
  id="outer-container"
>
  
           
  <input
    id="provider"
    type="text"
  />
  
           
  <div
    id="provider-autocomplete"
  />
  
         
</div>
`;
