// Jest Snapshot v1, https://goo.gl/fbAQLP

exports[`school init should instantiate an autocomplete 1`] = `
<div
  id="outer-container"
>
  
           
  <input
    id="old-publish-schools-search-form-query-field"
    name="school_id"
    type="hidden"
  />
  
           
  <div
    id="school-autocomplete"
  >
    <div
      class="autocomplete__wrapper"
    >
      <div
        style="border: 0px; height: 1px; margin-bottom: -1px; margin-right: -1px; overflow: hidden; padding: 0px; position: absolute; white-space: nowrap; width: 1px;"
      >
        <div
          aria-atomic="true"
          aria-live="polite"
          id="publish-schools-search-form-query-field__status--A"
          role="status"
        >
          
        </div>
        <div
          aria-atomic="true"
          aria-live="polite"
          id="publish-schools-search-form-query-field__status--B"
          role="status"
        >
          
        </div>
      </div>
      
      <input
        aria-autocomplete="both"
        aria-describedby="publish-schools-search-form-query-field__assistiveHint"
        aria-expanded="false"
        aria-owns="publish-schools-search-form-query-field__listbox"
        autocomplete="off"
        class="autocomplete__input autocomplete__input--default"
        id="publish-schools-search-form-query-field"
        name=""
        placeholder=""
        role="combobox"
        type="text"
      />
      
      <ul
        class="autocomplete__menu autocomplete__menu--inline autocomplete__menu--hidden"
        id="publish-schools-search-form-query-field__listbox"
        role="listbox"
      >
        
      </ul>
      <span
        id="publish-schools-search-form-query-field__assistiveHint"
        style="display: none;"
      >
        When autocomplete results are available use up and down arrows to review and enter to select.  Touch device users, explore by touch or with swipe gestures.
      </span>
    </div>
  </div>
  
         
</div>
`;
